============================= test session starts ==============================
platform linux -- Python 3.12.3, pytest-9.0.2, pluggy-1.6.0 -- /usr/bin/python
cachedir: .pytest_cache
rootdir: /home/runner/work/MyPortal/MyPortal
configfile: pyproject.toml
plugins: anyio-4.12.1, asyncio-1.3.0
asyncio: mode=Mode.STRICT, debug=False, asyncio_default_fixture_loop_scope=None, asyncio_default_test_loop_scope=function
collecting ... collected 21 items

tests/test_m365_mailbox_permissions.py::test_get_mailbox_permissions_can_access_returns_mail_enabled_groups PASSED [  4%]
tests/test_m365_mailbox_permissions.py::test_get_mailbox_permissions_ignores_non_mail_enabled_groups PASSED [  9%]
tests/test_m365_mailbox_permissions.py::test_get_mailbox_permissions_empty_can_access_on_member_of_failure PASSED [ 14%]
tests/test_m365_mailbox_permissions.py::test_get_mailbox_permissions_accessible_by_returns_db_members PASSED [ 19%]
tests/test_m365_mailbox_permissions.py::test_get_mailbox_permissions_accessible_by_includes_live_group_members PASSED [ 23%]
tests/test_m365_mailbox_permissions.py::test_get_mailbox_permissions_empty_accessible_by_when_no_db_data PASSED [ 28%]
tests/test_m365_mailbox_permissions.py::test_get_mailbox_permissions_accessible_by_uses_mail_property_for_db_lookup PASSED [ 33%]
tests/test_m365_mailbox_permissions.py::test_get_mailbox_permissions_accessible_by_falls_back_to_upn_when_mail_absent PASSED [ 38%]
tests/test_m365_mailbox_permissions.py::test_get_mailbox_permissions_accessible_by_display_name_fallback PASSED [ 42%]
tests/test_m365_mailbox_permissions.py::test_get_mailbox_permissions_returns_empty_on_user_lookup_failure PASSED [ 47%]
tests/test_m365_mailbox_permissions.py::test_get_mailbox_permissions_accessible_by_combines_raw_upn_and_mail_lookups PASSED [ 52%]
tests/test_m365_mailbox_permissions.py::test_get_mailbox_permissions_lists_sorted_alphabetically PASSED [ 57%]
tests/test_m365_mailbox_permissions.py::test_get_mailbox_permissions_accessible_by_uses_proxy_addresses PASSED [ 61%]
tests/test_m365_mailbox_permissions.py::test_get_mailbox_permissions_proxy_addresses_deduplicates_members PASSED [ 66%]
tests/test_m365_mailbox_permissions.py::test_get_mailbox_permissions_proxy_addresses_live_group_lookup PASSED [ 71%]
tests/test_m365_mailbox_permissions.py::test_get_mailbox_permissions_accessible_by_includes_live_exo_permissions PASSED [ 76%]
tests/test_m365_mailbox_permissions.py::test_get_mailbox_permissions_accessible_by_exo_supplements_db_data PASSED [ 80%]
tests/test_m365_mailbox_permissions.py::test_get_mailbox_permissions_accessible_by_exo_failure_silent PASSED [ 85%]
tests/test_m365_mailbox_permissions.py::test_get_mailbox_permissions_local_part_fallback_when_graph_fails PASSED [ 90%]
tests/test_m365_mailbox_permissions.py::test_get_mailbox_permissions_local_part_fallback_not_triggered_when_data_found PASSED [ 95%]
tests/test_m365_mailbox_permissions.py::test_get_mailbox_permissions_local_part_fallback_deduplicates PASSED [100%]

=============================== warnings summary ===============================
app/schemas/audit_logs.py:9
  /home/runner/work/MyPortal/MyPortal/app/schemas/audit_logs.py:9: PydanticDeprecatedSince20: Support for class-based `config` is deprecated, use ConfigDict instead. Deprecated in Pydantic V2.0 to be removed in V3.0. See Pydantic V2 Migration Guide at https://errors.pydantic.dev/2.12/migration/
    class AuditLogResponse(BaseModel):

app/schemas/users.py:33
  /home/runner/work/MyPortal/MyPortal/app/schemas/users.py:33: PydanticDeprecatedSince20: Support for class-based `config` is deprecated, use ConfigDict instead. Deprecated in Pydantic V2.0 to be removed in V3.0. See Pydantic V2 Migration Guide at https://errors.pydantic.dev/2.12/migration/
    class UserResponse(UserBase):

app/schemas/automations.py:43
  /home/runner/work/MyPortal/MyPortal/app/schemas/automations.py:43: PydanticDeprecatedSince20: Support for class-based `config` is deprecated, use ConfigDict instead. Deprecated in Pydantic V2.0 to be removed in V3.0. See Pydantic V2 Migration Guide at https://errors.pydantic.dev/2.12/migration/
    class AutomationResponse(AutomationBase):

app/schemas/automations.py:57
  /home/runner/work/MyPortal/MyPortal/app/schemas/automations.py:57: PydanticDeprecatedSince20: Support for class-based `config` is deprecated, use ConfigDict instead. Deprecated in Pydantic V2.0 to be removed in V3.0. See Pydantic V2 Migration Guide at https://errors.pydantic.dev/2.12/migration/
    class AutomationRunResponse(BaseModel):

app/schemas/companies.py:44
  /home/runner/work/MyPortal/MyPortal/app/schemas/companies.py:44: PydanticDeprecatedSince20: Support for class-based `config` is deprecated, use ConfigDict instead. Deprecated in Pydantic V2.0 to be removed in V3.0. See Pydantic V2 Migration Guide at https://errors.pydantic.dev/2.12/migration/
    class CompanyResponse(CompanyBase):

app/schemas/company_recurring_invoice_items.py:29
  /home/runner/work/MyPortal/MyPortal/app/schemas/company_recurring_invoice_items.py:29: PydanticDeprecatedSince20: Support for class-based `config` is deprecated, use ConfigDict instead. Deprecated in Pydantic V2.0 to be removed in V3.0. See Pydantic V2 Migration Guide at https://errors.pydantic.dev/2.12/migration/
    class RecurringInvoiceItemResponse(RecurringInvoiceItemBase):

app/schemas/issues.py:16
  /home/runner/work/MyPortal/MyPortal/app/schemas/issues.py:16: PydanticDeprecatedSince20: Pydantic V1 style `@validator` validators are deprecated. You should migrate to Pydantic V2 style `@field_validator` validators, see the migration guide for more details. Deprecated in Pydantic V2.0 to be removed in V3.0. See Pydantic V2 Migration Guide at https://errors.pydantic.dev/2.12/migration/
    @validator("company_name")

app/schemas/issues.py:23
  /home/runner/work/MyPortal/MyPortal/app/schemas/issues.py:23: PydanticDeprecatedSince20: Pydantic V1 style `@validator` validators are deprecated. You should migrate to Pydantic V2 style `@field_validator` validators, see the migration guide for more details. Deprecated in Pydantic V2.0 to be removed in V3.0. See Pydantic V2 Migration Guide at https://errors.pydantic.dev/2.12/migration/
    @validator("status")

app/schemas/issues.py:51
  /home/runner/work/MyPortal/MyPortal/app/schemas/issues.py:51: PydanticDeprecatedSince20: Pydantic V1 style `@validator` validators are deprecated. You should migrate to Pydantic V2 style `@field_validator` validators, see the migration guide for more details. Deprecated in Pydantic V2.0 to be removed in V3.0. See Pydantic V2 Migration Guide at https://errors.pydantic.dev/2.12/migration/
    @validator("name")

app/schemas/issues.py:58
  /home/runner/work/MyPortal/MyPortal/app/schemas/issues.py:58: PydanticDeprecatedSince20: Pydantic V1 style `@validator` validators are deprecated. You should migrate to Pydantic V2 style `@field_validator` validators, see the migration guide for more details. Deprecated in Pydantic V2.0 to be removed in V3.0. See Pydantic V2 Migration Guide at https://errors.pydantic.dev/2.12/migration/
    @validator("slug")

app/schemas/issues.py:65
  /home/runner/work/MyPortal/MyPortal/app/schemas/issues.py:65: PydanticDeprecatedSince20: Pydantic V1 style `@validator` validators are deprecated. You should migrate to Pydantic V2 style `@field_validator` validators, see the migration guide for more details. Deprecated in Pydantic V2.0 to be removed in V3.0. See Pydantic V2 Migration Guide at https://errors.pydantic.dev/2.12/migration/
    @validator("description")

app/schemas/issues.py:83
  /home/runner/work/MyPortal/MyPortal/app/schemas/issues.py:83: PydanticDeprecatedSince20: Pydantic V1 style `@validator` validators are deprecated. You should migrate to Pydantic V2 style `@field_validator` validators, see the migration guide for more details. Deprecated in Pydantic V2.0 to be removed in V3.0. See Pydantic V2 Migration Guide at https://errors.pydantic.dev/2.12/migration/
    @validator("description")

app/schemas/issues.py:90
  /home/runner/work/MyPortal/MyPortal/app/schemas/issues.py:90: PydanticDeprecatedSince20: Pydantic V1 style `@validator` validators are deprecated. You should migrate to Pydantic V2 style `@field_validator` validators, see the migration guide for more details. Deprecated in Pydantic V2.0 to be removed in V3.0. See Pydantic V2 Migration Guide at https://errors.pydantic.dev/2.12/migration/
    @validator("new_name")

app/schemas/issues.py:99
  /home/runner/work/MyPortal/MyPortal/app/schemas/issues.py:99: PydanticDeprecatedSince20: Pydantic V1 style `@validator` validators are deprecated. You should migrate to Pydantic V2 style `@field_validator` validators, see the migration guide for more details. Deprecated in Pydantic V2.0 to be removed in V3.0. See Pydantic V2 Migration Guide at https://errors.pydantic.dev/2.12/migration/
    @validator("new_slug")

app/schemas/issues.py:128
  /home/runner/work/MyPortal/MyPortal/app/schemas/issues.py:128: PydanticDeprecatedSince20: Pydantic V1 style `@validator` validators are deprecated. You should migrate to Pydantic V2 style `@field_validator` validators, see the migration guide for more details. Deprecated in Pydantic V2.0 to be removed in V3.0. See Pydantic V2 Migration Guide at https://errors.pydantic.dev/2.12/migration/
    @validator("issue_name", "company_name")

app/schemas/issues.py:135
  /home/runner/work/MyPortal/MyPortal/app/schemas/issues.py:135: PydanticDeprecatedSince20: Pydantic V1 style `@validator` validators are deprecated. You should migrate to Pydantic V2 style `@field_validator` validators, see the migration guide for more details. Deprecated in Pydantic V2.0 to be removed in V3.0. See Pydantic V2 Migration Guide at https://errors.pydantic.dev/2.12/migration/
    @validator("status")

app/schemas/forms.py:32
  /home/runner/work/MyPortal/MyPortal/app/schemas/forms.py:32: PydanticDeprecatedSince20: Support for class-based `config` is deprecated, use ConfigDict instead. Deprecated in Pydantic V2.0 to be removed in V3.0. See Pydantic V2 Migration Guide at https://errors.pydantic.dev/2.12/migration/
    class FormResponse(FormBase):

app/schemas/licenses.py:28
  /home/runner/work/MyPortal/MyPortal/app/schemas/licenses.py:28: PydanticDeprecatedSince20: Support for class-based `config` is deprecated, use ConfigDict instead. Deprecated in Pydantic V2.0 to be removed in V3.0. See Pydantic V2 Migration Guide at https://errors.pydantic.dev/2.12/migration/
    class LicenseResponse(LicenseBase):

app/schemas/memberships.py:45
  /home/runner/work/MyPortal/MyPortal/app/schemas/memberships.py:45: PydanticDeprecatedSince20: Support for class-based `config` is deprecated, use ConfigDict instead. Deprecated in Pydantic V2.0 to be removed in V3.0. See Pydantic V2 Migration Guide at https://errors.pydantic.dev/2.12/migration/
    class MembershipResponse(BaseModel):

app/schemas/m365.py:16
  /home/runner/work/MyPortal/MyPortal/app/schemas/m365.py:16: PydanticDeprecatedSince20: Support for class-based `config` is deprecated, use ConfigDict instead. Deprecated in Pydantic V2.0 to be removed in V3.0. See Pydantic V2 Migration Guide at https://errors.pydantic.dev/2.12/migration/
    class M365CredentialResponse(M365CredentialBase):

app/schemas/message_templates.py:31
  /home/runner/work/MyPortal/MyPortal/app/schemas/message_templates.py:31: PydanticDeprecatedSince20: Support for class-based `config` is deprecated, use ConfigDict instead. Deprecated in Pydantic V2.0 to be removed in V3.0. See Pydantic V2 Migration Guide at https://errors.pydantic.dev/2.12/migration/
    class MessageTemplateResponse(MessageTemplateBase):

app/schemas/integration_modules.py:7
  /home/runner/work/MyPortal/MyPortal/app/schemas/integration_modules.py:7: PydanticDeprecatedSince20: Support for class-based `config` is deprecated, use ConfigDict instead. Deprecated in Pydantic V2.0 to be removed in V3.0. See Pydantic V2 Migration Guide at https://errors.pydantic.dev/2.12/migration/
    class IntegrationModuleResponse(BaseModel):

app/schemas/notifications.py:9
  /home/runner/work/MyPortal/MyPortal/app/schemas/notifications.py:9: PydanticDeprecatedSince20: Support for class-based `config` is deprecated, use ConfigDict instead. Deprecated in Pydantic V2.0 to be removed in V3.0. See Pydantic V2 Migration Guide at https://errors.pydantic.dev/2.12/migration/
    class NotificationResponse(BaseModel):

app/schemas/notifications.py:45
  /home/runner/work/MyPortal/MyPortal/app/schemas/notifications.py:45: PydanticDeprecatedSince20: Support for class-based `config` is deprecated, use ConfigDict instead. Deprecated in Pydantic V2.0 to be removed in V3.0. See Pydantic V2 Migration Guide at https://errors.pydantic.dev/2.12/migration/
    class NotificationPreferenceResponse(NotificationPreference):

../../../.local/lib/python3.12/site-packages/pydantic/_internal/_generate_schema.py:319
../../../.local/lib/python3.12/site-packages/pydantic/_internal/_generate_schema.py:319
  /home/runner/.local/lib/python3.12/site-packages/pydantic/_internal/_generate_schema.py:319: PydanticDeprecatedSince20: `json_encoders` is deprecated. See https://docs.pydantic.dev/2.12/concepts/serialization/#custom-serializers for alternatives. Deprecated in Pydantic V2.0 to be removed in V3.0. See Pydantic V2 Migration Guide at https://errors.pydantic.dev/2.12/migration/
    warnings.warn(

app/schemas/port_documents.py:9
  /home/runner/work/MyPortal/MyPortal/app/schemas/port_documents.py:9: PydanticDeprecatedSince20: Support for class-based `config` is deprecated, use ConfigDict instead. Deprecated in Pydantic V2.0 to be removed in V3.0. See Pydantic V2 Migration Guide at https://errors.pydantic.dev/2.12/migration/
    class PortDocumentResponse(BaseModel):

app/schemas/port_pricing.py:27
  /home/runner/work/MyPortal/MyPortal/app/schemas/port_pricing.py:27: PydanticDeprecatedSince20: Support for class-based `config` is deprecated, use ConfigDict instead. Deprecated in Pydantic V2.0 to be removed in V3.0. See Pydantic V2 Migration Guide at https://errors.pydantic.dev/2.12/migration/
    class PortPricingResponse(PortPricingBase):

app/schemas/ports.py:38
  /home/runner/work/MyPortal/MyPortal/app/schemas/ports.py:38: PydanticDeprecatedSince20: Support for class-based `config` is deprecated, use ConfigDict instead. Deprecated in Pydantic V2.0 to be removed in V3.0. See Pydantic V2 Migration Guide at https://errors.pydantic.dev/2.12/migration/
    class PortResponse(PortBase):

app/schemas/roles.py:24
  /home/runner/work/MyPortal/MyPortal/app/schemas/roles.py:24: PydanticDeprecatedSince20: Support for class-based `config` is deprecated, use ConfigDict instead. Deprecated in Pydantic V2.0 to be removed in V3.0. See Pydantic V2 Migration Guide at https://errors.pydantic.dev/2.12/migration/
    class RoleResponse(RoleBase):

app/api/routes/subscriptions.py:20
  /home/runner/work/MyPortal/MyPortal/app/api/routes/subscriptions.py:20: PydanticDeprecatedSince20: Support for class-based `config` is deprecated, use ConfigDict instead. Deprecated in Pydantic V2.0 to be removed in V3.0. See Pydantic V2 Migration Guide at https://errors.pydantic.dev/2.12/migration/
    class SubscriptionResponse(BaseModel):

app/api/routes/subscriptions.py:167
  /home/runner/work/MyPortal/MyPortal/app/api/routes/subscriptions.py:167: PydanticDeprecatedSince20: Support for class-based `config` is deprecated, use ConfigDict instead. Deprecated in Pydantic V2.0 to be removed in V3.0. See Pydantic V2 Migration Guide at https://errors.pydantic.dev/2.12/migration/
    class UpdateSubscriptionRequest(BaseModel):

app/api/routes/subscriptions.py:278
  /home/runner/work/MyPortal/MyPortal/app/api/routes/subscriptions.py:278: PydanticDeprecatedSince20: Support for class-based `config` is deprecated, use ConfigDict instead. Deprecated in Pydantic V2.0 to be removed in V3.0. See Pydantic V2 Migration Guide at https://errors.pydantic.dev/2.12/migration/
    class ChangePreviewRequest(BaseModel):

app/api/routes/subscriptions.py:288
  /home/runner/work/MyPortal/MyPortal/app/api/routes/subscriptions.py:288: PydanticDeprecatedSince20: Support for class-based `config` is deprecated, use ConfigDict instead. Deprecated in Pydantic V2.0 to be removed in V3.0. See Pydantic V2 Migration Guide at https://errors.pydantic.dev/2.12/migration/
    class ChangePreviewResponse(BaseModel):

app/api/routes/subscriptions.py:377
  /home/runner/work/MyPortal/MyPortal/app/api/routes/subscriptions.py:377: PydanticDeprecatedSince20: Support for class-based `config` is deprecated, use ConfigDict instead. Deprecated in Pydantic V2.0 to be removed in V3.0. See Pydantic V2 Migration Guide at https://errors.pydantic.dev/2.12/migration/
    class ApplyAdditionRequest(BaseModel):

app/api/routes/subscriptions.py:387
  /home/runner/work/MyPortal/MyPortal/app/api/routes/subscriptions.py:387: PydanticDeprecatedSince20: Support for class-based `config` is deprecated, use ConfigDict instead. Deprecated in Pydantic V2.0 to be removed in V3.0. See Pydantic V2 Migration Guide at https://errors.pydantic.dev/2.12/migration/
    class ApplyAdditionResponse(BaseModel):

app/api/routes/subscriptions.py:445
  /home/runner/work/MyPortal/MyPortal/app/api/routes/subscriptions.py:445: PydanticDeprecatedSince20: Support for class-based `config` is deprecated, use ConfigDict instead. Deprecated in Pydantic V2.0 to be removed in V3.0. See Pydantic V2 Migration Guide at https://errors.pydantic.dev/2.12/migration/
    class RequestDecreaseRequest(BaseModel):

app/api/routes/subscriptions.py:455
  /home/runner/work/MyPortal/MyPortal/app/api/routes/subscriptions.py:455: PydanticDeprecatedSince20: Support for class-based `config` is deprecated, use ConfigDict instead. Deprecated in Pydantic V2.0 to be removed in V3.0. See Pydantic V2 Migration Guide at https://errors.pydantic.dev/2.12/migration/
    class RequestDecreaseResponse(BaseModel):

app/api/routes/subscriptions.py:515
  /home/runner/work/MyPortal/MyPortal/app/api/routes/subscriptions.py:515: PydanticDeprecatedSince20: Support for class-based `config` is deprecated, use ConfigDict instead. Deprecated in Pydantic V2.0 to be removed in V3.0. See Pydantic V2 Migration Guide at https://errors.pydantic.dev/2.12/migration/
    class PendingChangeResponse(BaseModel):

app/schemas/tickets.py:68
  /home/runner/work/MyPortal/MyPortal/app/schemas/tickets.py:68: PydanticDeprecatedSince20: Support for class-based `config` is deprecated, use ConfigDict instead. Deprecated in Pydantic V2.0 to be removed in V3.0. See Pydantic V2 Migration Guide at https://errors.pydantic.dev/2.12/migration/
    class TicketReply(BaseModel):

app/schemas/tickets.py:86
  /home/runner/work/MyPortal/MyPortal/app/schemas/tickets.py:86: PydanticDeprecatedSince20: Support for class-based `config` is deprecated, use ConfigDict instead. Deprecated in Pydantic V2.0 to be removed in V3.0. See Pydantic V2 Migration Guide at https://errors.pydantic.dev/2.12/migration/
    class TicketWatcher(BaseModel):

app/schemas/tickets.py:97
  /home/runner/work/MyPortal/MyPortal/app/schemas/tickets.py:97: PydanticDeprecatedSince20: Support for class-based `config` is deprecated, use ConfigDict instead. Deprecated in Pydantic V2.0 to be removed in V3.0. See Pydantic V2 Migration Guide at https://errors.pydantic.dev/2.12/migration/
    class TicketResponse(TicketBase):

app/schemas/tickets.py:131
  /home/runner/work/MyPortal/MyPortal/app/schemas/tickets.py:131: PydanticDeprecatedSince20: Support for class-based `config` is deprecated, use ConfigDict instead. Deprecated in Pydantic V2.0 to be removed in V3.0. See Pydantic V2 Migration Guide at https://errors.pydantic.dev/2.12/migration/
    class TicketDashboardRow(BaseModel):

app/schemas/tickets.py:153
  /home/runner/work/MyPortal/MyPortal/app/schemas/tickets.py:153: PydanticDeprecatedSince20: Support for class-based `config` is deprecated, use ConfigDict instead. Deprecated in Pydantic V2.0 to be removed in V3.0. See Pydantic V2 Migration Guide at https://errors.pydantic.dev/2.12/migration/
    class LabourTypeModel(BaseModel):

app/schemas/bc5_models.py:57
  /home/runner/work/MyPortal/MyPortal/app/schemas/bc5_models.py:57: PydanticDeprecatedSince20: Support for class-based `config` is deprecated, use ConfigDict instead. Deprecated in Pydantic V2.0 to be removed in V3.0. See Pydantic V2 Migration Guide at https://errors.pydantic.dev/2.12/migration/
    class BCTemplateListItem(BaseModel):

app/schemas/bc5_models.py:71
  /home/runner/work/MyPortal/MyPortal/app/schemas/bc5_models.py:71: PydanticDeprecatedSince20: Support for class-based `config` is deprecated, use ConfigDict instead. Deprecated in Pydantic V2.0 to be removed in V3.0. See Pydantic V2 Migration Guide at https://errors.pydantic.dev/2.12/migration/
    class BCTemplateDetail(BaseModel):

app/schemas/bc5_models.py:119
  /home/runner/work/MyPortal/MyPortal/app/schemas/bc5_models.py:119: PydanticDeprecatedSince20: Support for class-based `config` is deprecated, use ConfigDict instead. Deprecated in Pydantic V2.0 to be removed in V3.0. See Pydantic V2 Migration Guide at https://errors.pydantic.dev/2.12/migration/
    class BCPlanListItem(BaseModel):

app/schemas/bc5_models.py:142
  /home/runner/work/MyPortal/MyPortal/app/schemas/bc5_models.py:142: PydanticDeprecatedSince20: Support for class-based `config` is deprecated, use ConfigDict instead. Deprecated in Pydantic V2.0 to be removed in V3.0. See Pydantic V2 Migration Guide at https://errors.pydantic.dev/2.12/migration/
    class BCPlanDetail(BaseModel):

app/schemas/bc5_models.py:184
  /home/runner/work/MyPortal/MyPortal/app/schemas/bc5_models.py:184: PydanticDeprecatedSince20: Support for class-based `config` is deprecated, use ConfigDict instead. Deprecated in Pydantic V2.0 to be removed in V3.0. See Pydantic V2 Migration Guide at https://errors.pydantic.dev/2.12/migration/
    class BCVersionListItem(BaseModel):

app/schemas/bc5_models.py:202
  /home/runner/work/MyPortal/MyPortal/app/schemas/bc5_models.py:202: PydanticDeprecatedSince20: Support for class-based `config` is deprecated, use ConfigDict instead. Deprecated in Pydantic V2.0 to be removed in V3.0. See Pydantic V2 Migration Guide at https://errors.pydantic.dev/2.12/migration/
    class BCVersionDetail(BaseModel):

app/schemas/bc5_models.py:256
  /home/runner/work/MyPortal/MyPortal/app/schemas/bc5_models.py:256: PydanticDeprecatedSince20: Support for class-based `config` is deprecated, use ConfigDict instead. Deprecated in Pydantic V2.0 to be removed in V3.0. See Pydantic V2 Migration Guide at https://errors.pydantic.dev/2.12/migration/
    class BCReviewListItem(BaseModel):

app/schemas/bc5_models.py:282
  /home/runner/work/MyPortal/MyPortal/app/schemas/bc5_models.py:282: PydanticDeprecatedSince20: Support for class-based `config` is deprecated, use ConfigDict instead. Deprecated in Pydantic V2.0 to be removed in V3.0. See Pydantic V2 Migration Guide at https://errors.pydantic.dev/2.12/migration/
    class BCAcknowledgeResponse(BaseModel):

app/schemas/bc5_models.py:295
  /home/runner/work/MyPortal/MyPortal/app/schemas/bc5_models.py:295: PydanticDeprecatedSince20: Support for class-based `config` is deprecated, use ConfigDict instead. Deprecated in Pydantic V2.0 to be removed in V3.0. See Pydantic V2 Migration Guide at https://errors.pydantic.dev/2.12/migration/
    class BCAcknowledgmentSummary(BaseModel):

app/schemas/bc5_models.py:307
  /home/runner/work/MyPortal/MyPortal/app/schemas/bc5_models.py:307: PydanticDeprecatedSince20: Support for class-based `config` is deprecated, use ConfigDict instead. Deprecated in Pydantic V2.0 to be removed in V3.0. See Pydantic V2 Migration Guide at https://errors.pydantic.dev/2.12/migration/
    class BCPendingUser(BaseModel):

app/schemas/bc5_models.py:326
  /home/runner/work/MyPortal/MyPortal/app/schemas/bc5_models.py:326: PydanticDeprecatedSince20: Support for class-based `config` is deprecated, use ConfigDict instead. Deprecated in Pydantic V2.0 to be removed in V3.0. See Pydantic V2 Migration Guide at https://errors.pydantic.dev/2.12/migration/
    class BCSectionListItem(BaseModel):

app/schemas/bc5_models.py:353
  /home/runner/work/MyPortal/MyPortal/app/schemas/bc5_models.py:353: PydanticDeprecatedSince20: Support for class-based `config` is deprecated, use ConfigDict instead. Deprecated in Pydantic V2.0 to be removed in V3.0. See Pydantic V2 Migration Guide at https://errors.pydantic.dev/2.12/migration/
    class BCAttachmentListItem(BaseModel):

app/schemas/bc5_models.py:372
  /home/runner/work/MyPortal/MyPortal/app/schemas/bc5_models.py:372: PydanticDeprecatedSince20: Support for class-based `config` is deprecated, use ConfigDict instead. Deprecated in Pydantic V2.0 to be removed in V3.0. See Pydantic V2 Migration Guide at https://errors.pydantic.dev/2.12/migration/
    class BCAttachmentUploadResponse(BaseModel):

app/schemas/bc5_models.py:397
  /home/runner/work/MyPortal/MyPortal/app/schemas/bc5_models.py:397: PydanticDeprecatedSince20: Support for class-based `config` is deprecated, use ConfigDict instead. Deprecated in Pydantic V2.0 to be removed in V3.0. See Pydantic V2 Migration Guide at https://errors.pydantic.dev/2.12/migration/
    class BCExportResponse(BaseModel):

app/schemas/bc5_models.py:412
  /home/runner/work/MyPortal/MyPortal/app/schemas/bc5_models.py:412: PydanticDeprecatedSince20: Support for class-based `config` is deprecated, use ConfigDict instead. Deprecated in Pydantic V2.0 to be removed in V3.0. See Pydantic V2 Migration Guide at https://errors.pydantic.dev/2.12/migration/
    class BCAuditListItem(BaseModel):

app/schemas/bc5_models.py:429
  /home/runner/work/MyPortal/MyPortal/app/schemas/bc5_models.py:429: PydanticDeprecatedSince20: Support for class-based `config` is deprecated, use ConfigDict instead. Deprecated in Pydantic V2.0 to be removed in V3.0. See Pydantic V2 Migration Guide at https://errors.pydantic.dev/2.12/migration/
    class BCChangeLogItem(BaseModel):

app/schemas/bc5_models.py:459
  /home/runner/work/MyPortal/MyPortal/app/schemas/bc5_models.py:459: PydanticDeprecatedSince20: Support for class-based `config` is deprecated, use ConfigDict instead. Deprecated in Pydantic V2.0 to be removed in V3.0. See Pydantic V2 Migration Guide at https://errors.pydantic.dev/2.12/migration/
    class BCPaginatedResponse(BaseModel):

app/schemas/bc5_models.py:477
  /home/runner/work/MyPortal/MyPortal/app/schemas/bc5_models.py:477: PydanticDeprecatedSince20: Support for class-based `config` is deprecated, use ConfigDict instead. Deprecated in Pydantic V2.0 to be removed in V3.0. See Pydantic V2 Migration Guide at https://errors.pydantic.dev/2.12/migration/
    class FieldSchema(BaseModel):

app/schemas/bc5_models.py:506
  /home/runner/work/MyPortal/MyPortal/app/schemas/bc5_models.py:506: PydanticDeprecatedSince20: Support for class-based `config` is deprecated, use ConfigDict instead. Deprecated in Pydantic V2.0 to be removed in V3.0. See Pydantic V2 Migration Guide at https://errors.pydantic.dev/2.12/migration/
    class SectionSchema(BaseModel):

app/schemas/bc5_models.py:533
  /home/runner/work/MyPortal/MyPortal/app/schemas/bc5_models.py:533: PydanticDeprecatedSince20: Support for class-based `config` is deprecated, use ConfigDict instead. Deprecated in Pydantic V2.0 to be removed in V3.0. See Pydantic V2 Migration Guide at https://errors.pydantic.dev/2.12/migration/
    class TemplateSchema(BaseModel):

app/schemas/bc5_models.py:562
  /home/runner/work/MyPortal/MyPortal/app/schemas/bc5_models.py:562: PydanticDeprecatedSince20: Support for class-based `config` is deprecated, use ConfigDict instead. Deprecated in Pydantic V2.0 to be removed in V3.0. See Pydantic V2 Migration Guide at https://errors.pydantic.dev/2.12/migration/
    class ReviewCreate(BaseModel):

app/schemas/bc5_models.py:592
  /home/runner/work/MyPortal/MyPortal/app/schemas/bc5_models.py:592: PydanticDeprecatedSince20: Support for class-based `config` is deprecated, use ConfigDict instead. Deprecated in Pydantic V2.0 to be removed in V3.0. See Pydantic V2 Migration Guide at https://errors.pydantic.dev/2.12/migration/
    class ReviewDecision(BaseModel):

app/schemas/bc5_models.py:623
  /home/runner/work/MyPortal/MyPortal/app/schemas/bc5_models.py:623: PydanticDeprecatedSince20: Support for class-based `config` is deprecated, use ConfigDict instead. Deprecated in Pydantic V2.0 to be removed in V3.0. See Pydantic V2 Migration Guide at https://errors.pydantic.dev/2.12/migration/
    class AttachmentMeta(BaseModel):

app/schemas/bc5_models.py:671
  /home/runner/work/MyPortal/MyPortal/app/schemas/bc5_models.py:671: PydanticDeprecatedSince20: Support for class-based `config` is deprecated, use ConfigDict instead. Deprecated in Pydantic V2.0 to be removed in V3.0. See Pydantic V2 Migration Guide at https://errors.pydantic.dev/2.12/migration/
    class BCProcessBase(BaseModel):

app/schemas/bc5_models.py:736
  /home/runner/work/MyPortal/MyPortal/app/schemas/bc5_models.py:736: PydanticDeprecatedSince20: Support for class-based `config` is deprecated, use ConfigDict instead. Deprecated in Pydantic V2.0 to be removed in V3.0. See Pydantic V2 Migration Guide at https://errors.pydantic.dev/2.12/migration/
    class BCProcessDetail(BCProcessBase):

app/schemas/bc5_models.py:756
  /home/runner/work/MyPortal/MyPortal/app/schemas/bc5_models.py:756: PydanticDeprecatedSince20: Support for class-based `config` is deprecated, use ConfigDict instead. Deprecated in Pydantic V2.0 to be removed in V3.0. See Pydantic V2 Migration Guide at https://errors.pydantic.dev/2.12/migration/
    class PlanStatusTransition(BaseModel):

app/schemas/bc3_models.py:68
  /home/runner/work/MyPortal/MyPortal/app/schemas/bc3_models.py:68: PydanticDeprecatedSince20: Support for class-based `config` is deprecated, use ConfigDict instead. Deprecated in Pydantic V2.0 to be removed in V3.0. See Pydantic V2 Migration Guide at https://errors.pydantic.dev/2.12/migration/
    class BCPlanResponse(BCPlanBase):

app/schemas/bc3_models.py:109
  /home/runner/work/MyPortal/MyPortal/app/schemas/bc3_models.py:109: PydanticDeprecatedSince20: Support for class-based `config` is deprecated, use ConfigDict instead. Deprecated in Pydantic V2.0 to be removed in V3.0. See Pydantic V2 Migration Guide at https://errors.pydantic.dev/2.12/migration/
    class BCPlanVersionResponse(BCPlanVersionBase):

app/schemas/bc3_models.py:155
  /home/runner/work/MyPortal/MyPortal/app/schemas/bc3_models.py:155: PydanticDeprecatedSince20: Support for class-based `config` is deprecated, use ConfigDict instead. Deprecated in Pydantic V2.0 to be removed in V3.0. See Pydantic V2 Migration Guide at https://errors.pydantic.dev/2.12/migration/
    class BCTemplateResponse(BCTemplateBase):

app/schemas/bc3_models.py:201
  /home/runner/work/MyPortal/MyPortal/app/schemas/bc3_models.py:201: PydanticDeprecatedSince20: Support for class-based `config` is deprecated, use ConfigDict instead. Deprecated in Pydantic V2.0 to be removed in V3.0. See Pydantic V2 Migration Guide at https://errors.pydantic.dev/2.12/migration/
    class BCSectionDefinitionResponse(BCSectionDefinitionBase):

app/schemas/bc3_models.py:240
  /home/runner/work/MyPortal/MyPortal/app/schemas/bc3_models.py:240: PydanticDeprecatedSince20: Support for class-based `config` is deprecated, use ConfigDict instead. Deprecated in Pydantic V2.0 to be removed in V3.0. See Pydantic V2 Migration Guide at https://errors.pydantic.dev/2.12/migration/
    class BCContactResponse(BCContactBase):

app/schemas/bc3_models.py:283
  /home/runner/work/MyPortal/MyPortal/app/schemas/bc3_models.py:283: PydanticDeprecatedSince20: Support for class-based `config` is deprecated, use ConfigDict instead. Deprecated in Pydantic V2.0 to be removed in V3.0. See Pydantic V2 Migration Guide at https://errors.pydantic.dev/2.12/migration/
    class BCProcessResponse(BCProcessBase):

app/schemas/bc3_models.py:324
  /home/runner/work/MyPortal/MyPortal/app/schemas/bc3_models.py:324: PydanticDeprecatedSince20: Support for class-based `config` is deprecated, use ConfigDict instead. Deprecated in Pydantic V2.0 to be removed in V3.0. See Pydantic V2 Migration Guide at https://errors.pydantic.dev/2.12/migration/
    class BCRiskResponse(BCRiskBase):

app/schemas/bc3_models.py:363
  /home/runner/work/MyPortal/MyPortal/app/schemas/bc3_models.py:363: PydanticDeprecatedSince20: Support for class-based `config` is deprecated, use ConfigDict instead. Deprecated in Pydantic V2.0 to be removed in V3.0. See Pydantic V2 Migration Guide at https://errors.pydantic.dev/2.12/migration/
    class BCAttachmentResponse(BCAttachmentBase):

app/schemas/bc3_models.py:401
  /home/runner/work/MyPortal/MyPortal/app/schemas/bc3_models.py:401: PydanticDeprecatedSince20: Support for class-based `config` is deprecated, use ConfigDict instead. Deprecated in Pydantic V2.0 to be removed in V3.0. See Pydantic V2 Migration Guide at https://errors.pydantic.dev/2.12/migration/
    class BCReviewResponse(BCReviewBase):

app/schemas/bc3_models.py:429
  /home/runner/work/MyPortal/MyPortal/app/schemas/bc3_models.py:429: PydanticDeprecatedSince20: Support for class-based `config` is deprecated, use ConfigDict instead. Deprecated in Pydantic V2.0 to be removed in V3.0. See Pydantic V2 Migration Guide at https://errors.pydantic.dev/2.12/migration/
    class BCAckResponse(BCAckBase):

app/schemas/bc3_models.py:455
  /home/runner/work/MyPortal/MyPortal/app/schemas/bc3_models.py:455: PydanticDeprecatedSince20: Support for class-based `config` is deprecated, use ConfigDict instead. Deprecated in Pydantic V2.0 to be removed in V3.0. See Pydantic V2 Migration Guide at https://errors.pydantic.dev/2.12/migration/
    class BCAuditResponse(BCAuditBase):

app/schemas/bc3_models.py:479
  /home/runner/work/MyPortal/MyPortal/app/schemas/bc3_models.py:479: PydanticDeprecatedSince20: Support for class-based `config` is deprecated, use ConfigDict instead. Deprecated in Pydantic V2.0 to be removed in V3.0. See Pydantic V2 Migration Guide at https://errors.pydantic.dev/2.12/migration/
    class BCChangeLogMapResponse(BCChangeLogMapBase):

app/schemas/bc3_models.py:523
  /home/runner/work/MyPortal/MyPortal/app/schemas/bc3_models.py:523: PydanticDeprecatedSince20: Support for class-based `config` is deprecated, use ConfigDict instead. Deprecated in Pydantic V2.0 to be removed in V3.0. See Pydantic V2 Migration Guide at https://errors.pydantic.dev/2.12/migration/
    class BCVendorResponse(BCVendorBase):

app/schemas/business_continuity_plans.py:48
  /home/runner/work/MyPortal/MyPortal/app/schemas/business_continuity_plans.py:48: PydanticDeprecatedSince20: Support for class-based `config` is deprecated, use ConfigDict instead. Deprecated in Pydantic V2.0 to be removed in V3.0. See Pydantic V2 Migration Guide at https://errors.pydantic.dev/2.12/migration/
    class BusinessContinuityPlanResponse(BusinessContinuityPlanBase):

app/schemas/business_continuity_plans.py:60
  /home/runner/work/MyPortal/MyPortal/app/schemas/business_continuity_plans.py:60: PydanticDeprecatedSince20: Support for class-based `config` is deprecated, use ConfigDict instead. Deprecated in Pydantic V2.0 to be removed in V3.0. See Pydantic V2 Migration Guide at https://errors.pydantic.dev/2.12/migration/
    class BusinessContinuityPlanListItem(BaseModel):

app/schemas/business_continuity_plans.py:90
  /home/runner/work/MyPortal/MyPortal/app/schemas/business_continuity_plans.py:90: PydanticDeprecatedSince20: Support for class-based `config` is deprecated, use ConfigDict instead. Deprecated in Pydantic V2.0 to be removed in V3.0. See Pydantic V2 Migration Guide at https://errors.pydantic.dev/2.12/migration/
    class PlanPermissionResponse(PlanPermissionBase):

app/schemas/bcp_template.py:83
  /home/runner/work/MyPortal/MyPortal/app/schemas/bcp_template.py:83: PydanticDeprecatedSince20: Support for class-based `config` is deprecated, use ConfigDict instead. Deprecated in Pydantic V2.0 to be removed in V3.0. See Pydantic V2 Migration Guide at https://errors.pydantic.dev/2.12/migration/
    class BCPTemplateSchema(BaseModel):

app/schemas/essential8.py:25
  /home/runner/work/MyPortal/MyPortal/app/schemas/essential8.py:25: PydanticDeprecatedSince20: Support for class-based `config` is deprecated, use ConfigDict instead. Deprecated in Pydantic V2.0 to be removed in V3.0. See Pydantic V2 Migration Guide at https://errors.pydantic.dev/2.12/migration/
    class Essential8ControlResponse(BaseModel):

app/schemas/essential8.py:58
  /home/runner/work/MyPortal/MyPortal/app/schemas/essential8.py:58: PydanticDeprecatedSince20: Support for class-based `config` is deprecated, use ConfigDict instead. Deprecated in Pydantic V2.0 to be removed in V3.0. See Pydantic V2 Migration Guide at https://errors.pydantic.dev/2.12/migration/
    class CompanyEssential8ComplianceResponse(CompanyEssential8ComplianceBase):

app/schemas/essential8.py:82
  /home/runner/work/MyPortal/MyPortal/app/schemas/essential8.py:82: PydanticDeprecatedSince20: Support for class-based `config` is deprecated, use ConfigDict instead. Deprecated in Pydantic V2.0 to be removed in V3.0. See Pydantic V2 Migration Guide at https://errors.pydantic.dev/2.12/migration/
    class CompanyEssential8AuditResponse(BaseModel):

app/schemas/essential8.py:100
  /home/runner/work/MyPortal/MyPortal/app/schemas/essential8.py:100: PydanticDeprecatedSince20: Support for class-based `config` is deprecated, use ConfigDict instead. Deprecated in Pydantic V2.0 to be removed in V3.0. See Pydantic V2 Migration Guide at https://errors.pydantic.dev/2.12/migration/
    class Essential8RequirementResponse(BaseModel):

app/schemas/essential8.py:136
  /home/runner/work/MyPortal/MyPortal/app/schemas/essential8.py:136: PydanticDeprecatedSince20: Support for class-based `config` is deprecated, use ConfigDict instead. Deprecated in Pydantic V2.0 to be removed in V3.0. See Pydantic V2 Migration Guide at https://errors.pydantic.dev/2.12/migration/
    class CompanyEssential8RequirementComplianceResponse(CompanyEssential8RequirementComplianceBase):

app/main.py:414
  /home/runner/work/MyPortal/MyPortal/app/main.py:414: DeprecationWarning: 
          on_event is deprecated, use lifespan event handlers instead.
  
          Read more about it in the
          [FastAPI docs for Lifespan Events](https://fastapi.tiangolo.com/advanced/events/).
          
    @app.on_event("startup")

../../../.local/lib/python3.12/site-packages/fastapi/applications.py:4598
../../../.local/lib/python3.12/site-packages/fastapi/applications.py:4598
../../../.local/lib/python3.12/site-packages/fastapi/applications.py:4598
../../../.local/lib/python3.12/site-packages/fastapi/applications.py:4598
../../../.local/lib/python3.12/site-packages/fastapi/applications.py:4598
  /home/runner/.local/lib/python3.12/site-packages/fastapi/applications.py:4598: DeprecationWarning: 
          on_event is deprecated, use lifespan event handlers instead.
  
          Read more about it in the
          [FastAPI docs for Lifespan Events](https://fastapi.tiangolo.com/advanced/events/).
          
    return self.router.on_event(event_type)  # ty: ignore[deprecated]

app/main.py:422
  /home/runner/work/MyPortal/MyPortal/app/main.py:422: DeprecationWarning: 
          on_event is deprecated, use lifespan event handlers instead.
  
          Read more about it in the
          [FastAPI docs for Lifespan Events](https://fastapi.tiangolo.com/advanced/events/).
          
    @app.on_event("startup")

app/main.py:430
  /home/runner/work/MyPortal/MyPortal/app/main.py:430: DeprecationWarning: 
          on_event is deprecated, use lifespan event handlers instead.
  
          Read more about it in the
          [FastAPI docs for Lifespan Events](https://fastapi.tiangolo.com/advanced/events/).
          
    @app.on_event("shutdown")

app/main.py:3722
  /home/runner/work/MyPortal/MyPortal/app/main.py:3722: DeprecationWarning: 
          on_event is deprecated, use lifespan event handlers instead.
  
          Read more about it in the
          [FastAPI docs for Lifespan Events](https://fastapi.tiangolo.com/advanced/events/).
          
    @app.on_event("startup")

app/main.py:3763
  /home/runner/work/MyPortal/MyPortal/app/main.py:3763: DeprecationWarning: 
          on_event is deprecated, use lifespan event handlers instead.
  
          Read more about it in the
          [FastAPI docs for Lifespan Events](https://fastapi.tiangolo.com/advanced/events/).
          
    @app.on_event("shutdown")

-- Docs: https://docs.pytest.org/en/stable/how-to/capture-warnings.html
======================= 21 passed, 102 warnings in 3.70s =======================
